
===========================================================================
 report_power
============================================================================
======================= nom_ss_100C_1v60 Corner ===================================

Group                    Internal    Switching      Leakage        Total
                            Power        Power        Power        Power (Watts)
------------------------------------------------------------------------
Sequential           1.638717e-04 5.011982e-07 3.981196e-06 1.683541e-04  93.0%
Combinational        4.315295e-06 3.370395e-06 5.041784e-06 1.272747e-05   7.0%
Clock                0.000000e+00 0.000000e+00 0.000000e+00 0.000000e+00   0.0%
Macro                0.000000e+00 0.000000e+00 0.000000e+00 0.000000e+00   0.0%
Pad                  0.000000e+00 0.000000e+00 0.000000e+00 0.000000e+00   0.0%
------------------------------------------------------------------------
Total                1.681870e-04 3.871587e-06 9.022942e-06 1.810815e-04 100.0%
                            92.9%         2.1%         5.0%

