Clock: clock
Sources: clock 
Generated: no
Virtual: no
Propagated: no
Period: 50.000000

===========================================================================
report_clock_properties
============================================================================
Clock                   Period          Waveform
----------------------------------------------------
clock                50.000000    0.000000 25.000000

===========================================================================
report_clock_latency
============================================================================
Clock clock
rise -> rise
    min     max
0.000000 0.000000 source latency
2.286399         network latency _1658_/CLK
        2.286399 network latency _1658_/CLK
---------------
2.286399 2.286399 latency
        0.000000 skew

fall -> fall
    min     max
0.000000 0.000000 source latency
1.285741         network latency _1658_/CLK
        1.285741 network latency _1658_/CLK
---------------
1.285741 1.285741 latency
        0.000000 skew



===========================================================================
report_clock_min_period
============================================================================
clock period_min = 6.41 fmax = 156.13
