Clock: clock
Sources: clock 
Generated: no
Virtual: yes
Propagated: no
Period: 50.000000

===========================================================================
report_clock_properties
============================================================================
Clock                   Period          Waveform
----------------------------------------------------
clock                50.000000    0.000000 25.000000

===========================================================================
report_clock_latency
============================================================================
Clock clock
rise -> rise
    min     max
0.000000 0.000000 source latency
2.207428         network latency _1900_/CLK
        2.227426 network latency _1779_/CLK
---------------
2.207428 2.227426 latency
        0.019998 skew

fall -> fall
    min     max
0.000000 0.000000 source latency
1.087676         network latency _1900_/CLK
        1.106283 network latency _1779_/CLK
---------------
1.087676 1.106283 latency
        0.018607 skew



===========================================================================
report_clock_min_period
============================================================================
clock period_min = 4.31 fmax = 231.98
