
===========================================================================
 report_power
============================================================================
======================= nom_ss_100C_1v60 Corner ===================================

Group                    Internal    Switching      Leakage        Total
                            Power        Power        Power        Power (Watts)
------------------------------------------------------------------------
Sequential           1.643961e-04 1.552331e-07 3.619102e-06 1.681705e-04  47.5%
Combinational        7.823724e-06 1.722135e-05 7.728424e-06 3.277350e-05   9.2%
Clock                8.154653e-05 7.128101e-05 6.241786e-07 1.534517e-04  43.3%
Macro                0.000000e+00 0.000000e+00 0.000000e+00 0.000000e+00   0.0%
Pad                  0.000000e+00 0.000000e+00 0.000000e+00 0.000000e+00   0.0%
------------------------------------------------------------------------
Total                2.537667e-04 8.865755e-05 1.197179e-05 3.543960e-04 100.0%
                            71.6%        25.0%         3.4%

