
===========================================================================
 report_power
============================================================================
======================= nom_tt_025C_1v80 Corner ===================================

Group                    Internal    Switching      Leakage        Total
                            Power        Power        Power        Power (Watts)
------------------------------------------------------------------------
Sequential           2.128096e-04 1.789356e-07 2.149911e-09 2.129907e-04  51.6%
Combinational        9.534344e-06 1.559992e-05 5.828329e-09 2.514009e-05   6.1%
Clock                9.898489e-05 7.536732e-05 9.030750e-10 1.743531e-04  42.3%
Macro                0.000000e+00 0.000000e+00 0.000000e+00 0.000000e+00   0.0%
Pad                  0.000000e+00 0.000000e+00 0.000000e+00 0.000000e+00   0.0%
------------------------------------------------------------------------
Total                3.213288e-04 9.114617e-05 8.881313e-09 4.124838e-04 100.0%
                            77.9%        22.1%         0.0%
Writing metric power__internal__total: 0.0003213288146071136
Writing metric power__switching__total: 9.114616841543466e-5
Writing metric power__leakage__total: 8.881312574260392e-9
Writing metric power__total: 0.00041248384513892233

