Clock: wb_clk_i
Sources: wb_clk_i 
Generated: no
Virtual: no
Propagated: no
Period: 25.000000

===========================================================================
report_clock_properties
============================================================================
Clock                   Period          Waveform
----------------------------------------------------
wb_clk_i             25.000000    0.000000 12.500000

===========================================================================
report_clock_latency
============================================================================
Clock wb_clk_i
rise -> rise
    min     max
0.000000 0.000000 source latency
1.341738         network latency _1399_/CLK
        1.341738 network latency _1399_/CLK
---------------
1.341738 1.341738 latency
        0.000000 skew

fall -> fall
    min     max
0.000000 0.000000 source latency
0.651623         network latency _1399_/CLK
        0.651623 network latency _1399_/CLK
---------------
0.651623 0.651623 latency
        0.000000 skew



===========================================================================
report_clock_min_period
============================================================================
wb_clk_i period_min = 2.77 fmax = 361.21
