
===========================================================================
 report_power
============================================================================
======================= nom_tt_025C_1v80 Corner ===================================

Group                    Internal    Switching      Leakage        Total
                            Power        Power        Power        Power (Watts)
------------------------------------------------------------------------
Sequential           3.780940e-04 3.710712e-14 2.755623e-09 3.780967e-04  91.9%
Combinational        1.968824e-05 1.353540e-05 4.177537e-09 3.322782e-05   8.1%
Clock                0.000000e+00 0.000000e+00 0.000000e+00 0.000000e+00   0.0%
Macro                0.000000e+00 0.000000e+00 0.000000e+00 0.000000e+00   0.0%
Pad                  0.000000e+00 0.000000e+00 0.000000e+00 0.000000e+00   0.0%
------------------------------------------------------------------------
Total                3.977819e-04 1.353540e-05 6.933198e-09 4.113243e-04 100.0%
                            96.7%         3.3%         0.0%

