
===========================================================================
 report_power
============================================================================
======================= min_ff_n40C_1v95 Corner ===================================

Group                    Internal    Switching      Leakage        Total
                            Power        Power        Power        Power (Watts)
------------------------------------------------------------------------
Sequential           2.471627e-04 2.310631e-07 3.853987e-09 2.473975e-04  49.3%
Combinational        1.054116e-05 2.451862e-05 1.210569e-08 3.507189e-05   7.0%
Clock                1.131691e-04 1.064881e-04 6.581212e-09 2.196638e-04  43.7%
Macro                0.000000e+00 0.000000e+00 0.000000e+00 0.000000e+00   0.0%
Pad                  0.000000e+00 0.000000e+00 0.000000e+00 0.000000e+00   0.0%
------------------------------------------------------------------------
Total                3.708730e-04 1.312377e-04 2.254096e-08 5.021333e-04 100.0%
                            73.9%        26.1%         0.0%

