Clock: clock
Sources: clock 
Generated: no
Virtual: yes
Propagated: no
Period: 50.000000

===========================================================================
report_clock_properties
============================================================================
Clock                   Period          Waveform
----------------------------------------------------
clock                50.000000    0.000000 25.000000

===========================================================================
report_clock_latency
============================================================================
Clock clock
rise -> rise
    min     max
0.000000 0.000000 source latency
1.158190         network latency _1779_/CLK
        1.215503 network latency _1671_/CLK
---------------
1.158190 1.215503 latency
        0.057314 skew

fall -> fall
    min     max
0.000000 0.000000 source latency
1.059989         network latency _1779_/CLK
        1.103619 network latency _1671_/CLK
---------------
1.059989 1.103619 latency
        0.043629 skew



===========================================================================
report_clock_min_period
============================================================================
clock period_min = 7.28 fmax = 137.43
