
===========================================================================
 report_power
============================================================================
======================= nom_tt_025C_1v80 Corner ===================================

Group                    Internal    Switching      Leakage        Total
                            Power        Power        Power        Power (Watts)
------------------------------------------------------------------------
Sequential           2.126530e-04 1.991174e-07 2.149911e-09 2.128543e-04  48.7%
Combinational        9.691895e-06 2.192635e-05 6.992547e-09 3.162524e-05   7.2%
Clock                9.929000e-05 9.313101e-05 4.402393e-09 1.924254e-04  44.0%
Macro                0.000000e+00 0.000000e+00 0.000000e+00 0.000000e+00   0.0%
Pad                  0.000000e+00 0.000000e+00 0.000000e+00 0.000000e+00   0.0%
------------------------------------------------------------------------
Total                3.216354e-04 1.152564e-04 1.354495e-08 4.369053e-04 100.0%
                            73.6%        26.4%         0.0%

