
===========================================================================
 report_power
============================================================================
======================= min_tt_025C_1v80 Corner ===================================

Group                    Internal    Switching      Leakage        Total
                            Power        Power        Power        Power (Watts)
------------------------------------------------------------------------
Sequential           2.126733e-04 1.935436e-07 2.149911e-09 2.128690e-04  49.3%
Combinational        9.694340e-06 2.066517e-05 6.992547e-09 3.036651e-05   7.0%
Clock                9.922719e-05 8.944677e-05 4.402393e-09 1.886784e-04  43.7%
Macro                0.000000e+00 0.000000e+00 0.000000e+00 0.000000e+00   0.0%
Pad                  0.000000e+00 0.000000e+00 0.000000e+00 0.000000e+00   0.0%
------------------------------------------------------------------------
Total                3.215951e-04 1.103054e-04 1.354495e-08 4.319141e-04 100.0%
                            74.5%        25.5%         0.0%

