
===========================================================================
 report_power
============================================================================
======================= nom_tt_025C_1v80 Corner ===================================

Group                    Internal    Switching      Leakage        Total
                            Power        Power        Power        Power (Watts)
------------------------------------------------------------------------
Sequential           2.127219e-04 1.874746e-07 2.149911e-09 2.129115e-04  50.6%
Combinational        9.709207e-06 1.707771e-05 6.992547e-09 2.679391e-05   6.4%
Clock                9.912709e-05 8.194519e-05 9.031162e-10 1.810732e-04  43.0%
Macro                0.000000e+00 0.000000e+00 0.000000e+00 0.000000e+00   0.0%
Pad                  0.000000e+00 0.000000e+00 0.000000e+00 0.000000e+00   0.0%
------------------------------------------------------------------------
Total                3.215582e-04 9.921036e-05 1.004558e-08 4.207786e-04 100.0%
                            76.4%        23.6%         0.0%
Writing metric power__internal__total: 0.00032155824010260403
Writing metric power__switching__total: 9.921035962179303e-5
Writing metric power__leakage__total: 1.0045579479367461e-8
Writing metric power__total: 0.00042077864054590464

