
===========================================================================
 report_power
============================================================================
======================= nom_tt_025C_1v80 Corner ===================================

Group                    Internal    Switching      Leakage        Total
                            Power        Power        Power        Power (Watts)
------------------------------------------------------------------------
Sequential           2.130880e-04 6.361757e-07 2.287839e-09 2.137265e-04  95.6%
Combinational        5.522545e-06 4.292917e-06 3.948705e-09 9.819410e-06   4.4%
Clock                0.000000e+00 0.000000e+00 0.000000e+00 0.000000e+00   0.0%
Macro                0.000000e+00 0.000000e+00 0.000000e+00 0.000000e+00   0.0%
Pad                  0.000000e+00 0.000000e+00 0.000000e+00 0.000000e+00   0.0%
------------------------------------------------------------------------
Total                2.186106e-04 4.929085e-06 6.236538e-09 2.235459e-04 100.0%
                            97.8%         2.2%         0.0%

