146. Printing statistics.

=== yolo26n_top ===

   Number of wires:               1085
   Number of wire bits:           1477
   Number of public wires:          20
   Number of public wire bits:     367
   Number of ports:                 11
   Number of port bits:            107
   Number of memories:               0
   Number of memory bits:            0
   Number of processes:              0
   Number of cells:               1369
     $_ANDNOT_                     117
     $_AND_                         23
     $_MUX_                        763
     $_NAND_                        23
     $_NOR_                          4
     $_NOT_                          6
     $_ORNOT_                       21
     $_OR_                          75
     $_XNOR_                        37
     $_XOR_                         33
     sky130_fd_sc_hd__dfxtp_2      267

   Area for cell type $_NOT_ is unknown!
   Area for cell type $_AND_ is unknown!
   Area for cell type $_NAND_ is unknown!
   Area for cell type $_OR_ is unknown!
   Area for cell type $_NOR_ is unknown!
   Area for cell type $_XOR_ is unknown!
   Area for cell type $_XNOR_ is unknown!
   Area for cell type $_ANDNOT_ is unknown!
   Area for cell type $_ORNOT_ is unknown!
   Area for cell type $_MUX_ is unknown!

   Chip area for module '\yolo26n_top': 5679.196800
     of which used for sequential elements: 5679.196800 (100.00%)

