┏━━━━━━━━━━━━━━━━━━━━━━┳━━━━━━━━━━┳━━━━━━━━━━┳━━━━━━━━━━┳━━━━━━━━━━┳━━━━━━━━━━━┳━━━━━━━━━━┳━━━━━━━━━━━┳━━━━━━━━━━┳━━━━━━━━━━━┳━━━━━━━━━━┳━━━━━━━━━━━┳━━━━━━━━━━┓
┃                      ┃ Hold     ┃ Reg to   ┃          ┃          ┃ of which  ┃ Setup    ┃           ┃          ┃           ┃ of which ┃           ┃          ┃
┃                      ┃ Worst    ┃ Reg      ┃          ┃ Hold Vio ┃ reg to    ┃ Worst    ┃ Reg to    ┃ Setup    ┃ Setup Vio ┃ reg to   ┃ Max Cap   ┃ Max Slew ┃
┃ Corner/Group         ┃ Slack    ┃ Paths    ┃ Hold TNS ┃ Count    ┃ reg       ┃ Slack    ┃ Reg Paths ┃ TNS      ┃ Count     ┃ reg      ┃ Violatio… ┃ Violati… ┃
┡━━━━━━━━━━━━━━━━━━━━━━╇━━━━━━━━━━╇━━━━━━━━━━╇━━━━━━━━━━╇━━━━━━━━━━╇━━━━━━━━━━━╇━━━━━━━━━━╇━━━━━━━━━━━╇━━━━━━━━━━╇━━━━━━━━━━━╇━━━━━━━━━━╇━━━━━━━━━━━╇━━━━━━━━━━┩
│ Overall              │ 0.1119   │ 0.1119   │ 0.0000   │ 0        │ 0         │ 24.2460  │ N/A       │ 0.0000   │ 0         │ 0        │ 0         │ 9        │
│ nom_tt_025C_1v80     │ 0.3337   │ 0.3337   │ 0.0000   │ 0        │ 0         │ 26.8567  │ N/A       │ 0.0000   │ 0         │ 0        │ 0         │ 0        │
│ nom_ss_100C_1v60     │ 0.8992   │ 0.8992   │ 0.0000   │ 0        │ 0         │ 24.3722  │ N/A       │ 0.0000   │ 0         │ 0        │ 0         │ 9        │
│ nom_ff_n40C_1v95     │ 0.1148   │ 0.1148   │ 0.0000   │ 0        │ 0         │ 27.9175  │ N/A       │ 0.0000   │ 0         │ 0        │ 0         │ 0        │
│ min_tt_025C_1v80     │ 0.3283   │ 0.3283   │ 0.0000   │ 0        │ 0         │ 26.9424  │ N/A       │ 0.0000   │ 0         │ 0        │ 0         │ 0        │
│ min_ss_100C_1v60     │ 0.8928   │ 0.8928   │ 0.0000   │ 0        │ 0         │ 24.5265  │ N/A       │ 0.0000   │ 0         │ 0        │ 0         │ 4        │
│ min_ff_n40C_1v95     │ 0.1119   │ 0.1119   │ 0.0000   │ 0        │ 0         │ 27.9788  │ N/A       │ 0.0000   │ 0         │ 0        │ 0         │ 0        │
│ max_tt_025C_1v80     │ 0.3382   │ 0.3382   │ 0.0000   │ 0        │ 0         │ 26.7843  │ N/A       │ 0.0000   │ 0         │ 0        │ 0         │ 0        │
│ max_ss_100C_1v60     │ 0.9047   │ 0.9047   │ 0.0000   │ 0        │ 0         │ 24.2460  │ N/A       │ 0.0000   │ 0         │ 0        │ 0         │ 9        │
│ max_ff_n40C_1v95     │ 0.1178   │ 0.1178   │ 0.0000   │ 0        │ 0         │ 27.8657  │ N/A       │ 0.0000   │ 0         │ 0        │ 0         │ 0        │
└──────────────────────┴──────────┴──────────┴──────────┴──────────┴───────────┴──────────┴───────────┴──────────┴───────────┴──────────┴───────────┴──────────┘
