
===========================================================================
report_checks -unconstrained
===========================================================================
======================= nom_ff_n40C_1v95 Corner ===================================

Startpoint: host_output_addr[0] (input port clocked by clock)
Endpoint: host_output_data[0] (output port clocked by clock)
Path Group: clock
Path Type: max

Fanout         Cap        Slew       Delay        Time   Description
---------------------------------------------------------------------------------------------
                                  0.000000    0.000000   clock clock (rise edge)
                                  0.000000    0.000000   clock network delay (propagated)
                                 10.000000   10.000000 ^ input external delay
     1    0.004300    0.019280    0.011198   10.011198 ^ host_output_addr[0] (in)
                                                         host_output_addr[0] (net)
                      0.019281    0.000000   10.011198 ^ input55/A (sky130_fd_sc_hd__clkbuf_1)
     1    0.005251    0.052511    0.063580   10.074779 ^ input55/X (sky130_fd_sc_hd__clkbuf_1)
                                                         net55 (net)
                      0.052531    0.000200   10.074979 ^ fanout273/A (sky130_fd_sc_hd__buf_2)
     6    0.051171    0.188593    0.184909   10.259888 ^ fanout273/X (sky130_fd_sc_hd__buf_2)
                                                         net273 (net)
                      0.188621    0.001934   10.261822 ^ fanout267/A (sky130_fd_sc_hd__buf_2)
     6    0.043319    0.160409    0.187025   10.448847 ^ fanout267/X (sky130_fd_sc_hd__buf_2)
                                                         net267 (net)
                      0.160413    0.000698   10.449545 ^ fanout264/A (sky130_fd_sc_hd__clkbuf_4)
     8    0.057526    0.134966    0.191323   10.640867 ^ fanout264/X (sky130_fd_sc_hd__clkbuf_4)
                                                         net264 (net)
                      0.134970    0.000568   10.641435 ^ fanout263/A (sky130_fd_sc_hd__clkbuf_4)
     8    0.047308    0.112822    0.172257   10.813691 ^ fanout263/X (sky130_fd_sc_hd__clkbuf_4)
                                                         net263 (net)
                      0.112998    0.003627   10.817319 ^ _0826_/B (sky130_fd_sc_hd__and2b_1)
     2    0.016352    0.116263    0.148097   10.965416 ^ _0826_/X (sky130_fd_sc_hd__and2b_1)
                                                         _0588_ (net)
                      0.116263    0.000261   10.965676 ^ fanout216/A (sky130_fd_sc_hd__clkbuf_2)
     6    0.040641    0.170990    0.183235   11.148911 ^ fanout216/X (sky130_fd_sc_hd__clkbuf_2)
                                                         net216 (net)
                      0.170995    0.000775   11.149687 ^ fanout213/A (sky130_fd_sc_hd__clkbuf_4)
     8    0.051242    0.121687    0.183500   11.333187 ^ fanout213/X (sky130_fd_sc_hd__clkbuf_4)
                                                         net213 (net)
                      0.122006    0.005060   11.338247 ^ _0827_/A (sky130_fd_sc_hd__inv_2)
     1    0.004066    0.027160    0.017552   11.355800 v _0827_/Y (sky130_fd_sc_hd__inv_2)
                                                         _0589_ (net)
                      0.027161    0.000130   11.355929 v _0840_/A (sky130_fd_sc_hd__nor3_1)
     2    0.005270    0.142923    0.148282   11.504211 ^ _0840_/Y (sky130_fd_sc_hd__nor3_1)
                                                         _0602_ (net)
                      0.142923    0.000079   11.504291 ^ _0841_/C (sky130_fd_sc_hd__and4b_1)
     1    0.003136    0.040830    0.122820   11.627110 ^ _0841_/X (sky130_fd_sc_hd__and4b_1)
                                                         _0603_ (net)
                      0.040830    0.000066   11.627176 ^ _0842_/B1 (sky130_fd_sc_hd__a211o_1)
     1    0.005735    0.047825    0.071285   11.698462 ^ _0842_/X (sky130_fd_sc_hd__a211o_1)
                                                         net75 (net)
                      0.047825    0.000210   11.698670 ^ output75/A (sky130_fd_sc_hd__clkbuf_4)
     1    0.035910    0.087590    0.132630   11.831301 ^ output75/X (sky130_fd_sc_hd__clkbuf_4)
                                                         host_output_data[0] (net)
                      0.087606    0.001206   11.832507 ^ host_output_data[0] (out)
                                             11.832507   data arrival time

                                 50.000000   50.000000   clock clock (rise edge)
                                  0.000000   50.000000   clock network delay (propagated)
                                 -0.250000   49.749996   clock uncertainty
                                  0.000000   49.749996   clock reconvergence pessimism
                                -10.000000   39.749996   output external delay
                                             39.749996   data required time
---------------------------------------------------------------------------------------------
                                             39.749996   data required time
                                            -11.832507   data arrival time
---------------------------------------------------------------------------------------------
                                             27.917490   slack (MET)




===========================================================================
report_checks --slack_max -0.01
============================================================================
======================= nom_ff_n40C_1v95 Corner ===================================

No paths found.


===========================================================================
 report_check_types -max_slew -max_cap -max_fanout -violators
============================================================================
======================= nom_ff_n40C_1v95 Corner ===================================

max fanout

Pin                                   Limit Fanout  Slack
---------------------------------------------------------
clkbuf_leaf_8_clock/X                     8     16     -8 (VIOLATED)
clkbuf_leaf_13_clock/X                    8     12     -4 (VIOLATED)
clkbuf_leaf_16_clock/X                    8     12     -4 (VIOLATED)
clkbuf_leaf_19_clock/X                    8     12     -4 (VIOLATED)
clkbuf_leaf_5_clock/X                     8     12     -4 (VIOLATED)
clkbuf_leaf_15_clock/X                    8     11     -3 (VIOLATED)
clkbuf_leaf_23_clock/X                    8     11     -3 (VIOLATED)
clkbuf_leaf_24_clock/X                    8     11     -3 (VIOLATED)
clkbuf_leaf_25_clock/X                    8     11     -3 (VIOLATED)
clkbuf_leaf_26_clock/X                    8     11     -3 (VIOLATED)
clkbuf_leaf_27_clock/X                    8     11     -3 (VIOLATED)
clkbuf_leaf_11_clock/X                    8     10     -2 (VIOLATED)
clkbuf_leaf_12_clock/X                    8     10     -2 (VIOLATED)
clkbuf_leaf_18_clock/X                    8     10     -2 (VIOLATED)
clkbuf_leaf_22_clock/X                    8     10     -2 (VIOLATED)
clkbuf_leaf_28_clock/X                    8     10     -2 (VIOLATED)
clkbuf_leaf_6_clock/X                     8     10     -2 (VIOLATED)
clkbuf_leaf_9_clock/X                     8     10     -2 (VIOLATED)
clkbuf_leaf_21_clock/X                    8      9        (VIOLATED)
clkbuf_leaf_2_clock/X                     8      9        (VIOLATED)
clkbuf_leaf_4_clock/X                     8      9        (VIOLATED)
clkbuf_leaf_7_clock/X                     8      9        (VIOLATED)



===========================================================================
report_parasitic_annotation -report_unannotated
============================================================================
Found 28 unannotated drivers.
 clkload0/X
 clkload1/X
 clkload10/Y
 clkload11/Y
 clkload12/Y
 clkload13/Y
 clkload14/Y
 clkload15/Y
 clkload16/Y
 clkload17/Y
 clkload18/Y
 clkload19/Y
 clkload2/Y
 clkload20/X
 clkload21/Y
 clkload22/Y
 clkload23/Y
 clkload24/Y
 clkload25/X
 clkload26/Y
 clkload27/X
 clkload3/Y
 clkload4/X
 clkload5/X
 clkload6/X
 clkload7/X
 clkload8/Y
 clkload9/Y
Found 0 partially unannotated drivers.

===========================================================================
max slew violation count 0
max fanout violation count 22
max cap violation count 0
============================================================================

===========================================================================
check_setup -verbose -unconstrained_endpoints -multiple_clock -no_clock -no_input_delay -loops -generated_clocks
===========================================================================
