
===========================================================================
 report_power
============================================================================
======================= nom_tt_025C_1v80 Corner ===================================

Group                    Internal    Switching      Leakage        Total
                            Power        Power        Power        Power (Watts)
------------------------------------------------------------------------
Sequential           2.128104e-04 1.735971e-07 2.149911e-09 2.129861e-04  51.6%
Combinational        9.681928e-06 1.566793e-05 6.992547e-09 2.535685e-05   6.1%
Clock                9.898398e-05 7.533470e-05 9.030750e-10 1.743196e-04  42.2%
Macro                0.000000e+00 0.000000e+00 0.000000e+00 0.000000e+00   0.0%
Pad                  0.000000e+00 0.000000e+00 0.000000e+00 0.000000e+00   0.0%
------------------------------------------------------------------------
Total                3.214764e-04 9.117622e-05 1.004554e-08 4.126627e-04 100.0%
                            77.9%        22.1%         0.0%
Writing metric power__internal__total: 0.00032147642923519015
Writing metric power__switching__total: 9.117621812038124e-5
Writing metric power__leakage__total: 1.0045538623160155e-8
Writing metric power__total: 0.00041266268817707896

