Clock: wb_clk_i
Sources: wb_clk_i 
Generated: no
Virtual: no
Propagated: no
Period: 25.000000

===========================================================================
report_clock_properties
============================================================================
Clock                   Period          Waveform
----------------------------------------------------
wb_clk_i             25.000000    0.000000 12.500000

===========================================================================
report_clock_latency
============================================================================
Clock wb_clk_i
rise -> rise
    min     max
0.000000 0.000000 source latency
2.061334         network latency _1399_/CLK
        2.061334 network latency _1399_/CLK
---------------
2.061334 2.061334 latency
        0.000000 skew

fall -> fall
    min     max
0.000000 0.000000 source latency
1.141944         network latency _1399_/CLK
        1.141944 network latency _1399_/CLK
---------------
1.141944 1.141944 latency
        0.000000 skew



===========================================================================
report_clock_min_period
============================================================================
wb_clk_i period_min = 4.91 fmax = 203.54
