
===========================================================================
report_checks -unconstrained
===========================================================================
======================= nom_tt_025C_1v80 Corner ===================================

Startpoint: wb_rst_i (input port clocked by wb_clk_i)
Endpoint: _1498_ (recovery check against rising-edge clock wb_clk_i)
Path Group: asynchronous
Path Type: max

Fanout         Cap        Slew       Delay        Time   Description
---------------------------------------------------------------------------------------------
                                  0.000000    0.000000   clock wb_clk_i (rise edge)
                                  0.000000    0.000000   clock network delay (propagated)
                                  5.000000    5.000000 v input external delay
     1    0.002624    0.008226    0.004117    5.004117 v wb_rst_i (in)
                                                         wb_rst_i (net)
                      0.008226    0.000000    5.004117 v input1/A (sky130_fd_sc_hd__buf_1)
     1    0.008578    0.056588    0.098786    5.102903 v input1/X (sky130_fd_sc_hd__buf_1)
                                                         net1 (net)
                      0.056588    0.000091    5.102994 v fanout225/A (sky130_fd_sc_hd__buf_8)
     5    0.093863    0.076169    0.163359    5.266353 v fanout225/X (sky130_fd_sc_hd__buf_8)
                                                         net225 (net)
                      0.076169    0.000006    5.266359 v fanout223/A (sky130_fd_sc_hd__clkbuf_4)
     6    0.036911    0.084509    0.200009    5.466369 v fanout223/X (sky130_fd_sc_hd__clkbuf_4)
                                                         net223 (net)
                      0.084584    0.002280    5.468648 v fanout222/A (sky130_fd_sc_hd__clkbuf_4)
     6    0.036926    0.084390    0.204136    5.672784 v fanout222/X (sky130_fd_sc_hd__clkbuf_4)
                                                         net222 (net)
                      0.084392    0.000543    5.673327 v fanout221/A (sky130_fd_sc_hd__buf_4)
    10    0.062074    0.086756    0.214086    5.887413 v fanout221/X (sky130_fd_sc_hd__buf_4)
                                                         net221 (net)
                      0.086756    0.000036    5.887449 v fanout220/A (sky130_fd_sc_hd__buf_4)
    10    0.056546    0.080929    0.210830    6.098280 v fanout220/X (sky130_fd_sc_hd__buf_4)
                                                         net220 (net)
                      0.080931    0.000518    6.098798 v _1264_/A (sky130_fd_sc_hd__inv_2)
     1    0.003923    0.034477    0.057630    6.156428 ^ _1264_/Y (sky130_fd_sc_hd__inv_2)
                                                         _0066_ (net)
                      0.034477    0.000008    6.156436 ^ _1498_/RESET_B (sky130_fd_sc_hd__dfrtp_2)
                                              6.156436   data arrival time

                                 25.000000   25.000000   clock wb_clk_i (rise edge)
                                  0.000000   25.000000   clock source latency
     1    0.028128    0.132090    0.092118   25.092117 ^ wb_clk_i (in)
                                                         wb_clk_i (net)
                      0.132150    0.000000   25.092117 ^ clkbuf_0_wb_clk_i/A (sky130_fd_sc_hd__clkbuf_16)
     8    0.120011    0.133171    0.230946   25.323063 ^ clkbuf_0_wb_clk_i/X (sky130_fd_sc_hd__clkbuf_16)
                                                         clknet_0_wb_clk_i (net)
                      0.133275    0.001872   25.324936 ^ clkbuf_3_6__f_wb_clk_i/A (sky130_fd_sc_hd__clkbuf_16)
     9    0.065369    0.083237    0.192530   25.517466 ^ clkbuf_3_6__f_wb_clk_i/X (sky130_fd_sc_hd__clkbuf_16)
                                                         clknet_3_6__leaf_wb_clk_i (net)
                      0.083237    0.000192   25.517658 ^ clkbuf_leaf_39_wb_clk_i/A (sky130_fd_sc_hd__clkbuf_8)
     5    0.014217    0.042479    0.137506   25.655165 ^ clkbuf_leaf_39_wb_clk_i/X (sky130_fd_sc_hd__clkbuf_8)
                                                         clknet_leaf_39_wb_clk_i (net)
                      0.042479    0.000032   25.655195 ^ _1498_/CLK (sky130_fd_sc_hd__dfrtp_2)
                                 -0.250000   25.405197   clock uncertainty
                                  0.000000   25.405197   clock reconvergence pessimism
                                  0.221551   25.626747   library recovery time
                                             25.626747   data required time
---------------------------------------------------------------------------------------------
                                             25.626747   data required time
                                             -6.156436   data arrival time
---------------------------------------------------------------------------------------------
                                             19.470312   slack (MET)


Startpoint: wb_rst_i (input port clocked by wb_clk_i)
Endpoint: io_oeb[33] (output port clocked by wb_clk_i)
Path Group: wb_clk_i
Path Type: max

Fanout         Cap        Slew       Delay        Time   Description
---------------------------------------------------------------------------------------------
                                  0.000000    0.000000   clock wb_clk_i (rise edge)
                                  0.000000    0.000000   clock network delay (propagated)
                                  5.000000    5.000000 ^ input external delay
     1    0.002800    0.019734    0.010295    5.010295 ^ wb_rst_i (in)
                                                         wb_rst_i (net)
                      0.019734    0.000000    5.010295 ^ input1/A (sky130_fd_sc_hd__buf_1)
     1    0.009239    0.115999    0.123024    5.133319 ^ input1/X (sky130_fd_sc_hd__buf_1)
                                                         net1 (net)
                      0.115999    0.000099    5.133419 ^ fanout225/A (sky130_fd_sc_hd__buf_8)
     5    0.095187    0.158475    0.193769    5.327188 ^ fanout225/X (sky130_fd_sc_hd__buf_8)
                                                         net225 (net)
                      0.159040    0.007893    5.335081 ^ fanout204/A (sky130_fd_sc_hd__clkbuf_8)
     7    0.069928    0.129690    0.231669    5.566751 ^ fanout204/X (sky130_fd_sc_hd__clkbuf_8)
                                                         net204 (net)
                      0.129690    0.000039    5.566789 ^ fanout199/A (sky130_fd_sc_hd__buf_2)
     5    0.031915    0.159576    0.220950    5.787739 ^ fanout199/X (sky130_fd_sc_hd__buf_2)
                                                         net199 (net)
                      0.159576    0.000493    5.788232 ^ fanout193/A (sky130_fd_sc_hd__buf_4)
    10    0.052002    0.148878    0.227966    6.016198 ^ fanout193/X (sky130_fd_sc_hd__buf_4)
                                                         net193 (net)
                      0.148878    0.000267    6.016465 ^ _1835_/A (sky130_fd_sc_hd__clkbuf_1)
     1    0.002316    0.041536    0.101357    6.117822 ^ _1835_/X (sky130_fd_sc_hd__clkbuf_1)
                                                         net95 (net)
                      0.041536    0.000007    6.117829 ^ output95/A (sky130_fd_sc_hd__buf_2)
     1    0.033949    0.168615    0.195969    6.313798 ^ output95/X (sky130_fd_sc_hd__buf_2)
                                                         io_oeb[33] (net)
                      0.168615    0.000106    6.313904 ^ io_oeb[33] (out)
                                              6.313904   data arrival time

                                 25.000000   25.000000   clock wb_clk_i (rise edge)
                                  0.000000   25.000000   clock network delay (propagated)
                                 -0.250000   24.750000   clock uncertainty
                                  0.000000   24.750000   clock reconvergence pessimism
                                 -5.000000   19.750000   output external delay
                                             19.750000   data required time
---------------------------------------------------------------------------------------------
                                             19.750000   data required time
                                             -6.313904   data arrival time
---------------------------------------------------------------------------------------------
                                             13.436095   slack (MET)




===========================================================================
report_checks --slack_max -0.01
============================================================================
======================= nom_tt_025C_1v80 Corner ===================================

No paths found.


===========================================================================
 report_check_types -max_slew -max_cap -max_fanout -violators
============================================================================
======================= nom_tt_025C_1v80 Corner ===================================



===========================================================================
report_parasitic_annotation -report_unannotated
============================================================================
Found 525 unannotated drivers.
 io_in[0]
 io_in[10]
 io_in[11]
 io_in[12]
 io_in[13]
 io_in[14]
 io_in[15]
 io_in[16]
 io_in[17]
 io_in[18]
 io_in[19]
 io_in[1]
 io_in[20]
 io_in[21]
 io_in[22]
 io_in[23]
 io_in[24]
 io_in[25]
 io_in[26]
 io_in[27]
 io_in[28]
 io_in[29]
 io_in[2]
 io_in[30]
 io_in[31]
 io_in[32]
 io_in[33]
 io_in[34]
 io_in[35]
 io_in[36]
 io_in[37]
 io_in[3]
 io_in[4]
 io_in[5]
 io_in[6]
 io_in[7]
 io_in[8]
 io_in[9]
 la_data_in[0]
 la_data_in[100]
 la_data_in[101]
 la_data_in[102]
 la_data_in[103]
 la_data_in[104]
 la_data_in[105]
 la_data_in[106]
 la_data_in[107]
 la_data_in[108]
 la_data_in[109]
 la_data_in[10]
 la_data_in[110]
 la_data_in[111]
 la_data_in[112]
 la_data_in[113]
 la_data_in[114]
 la_data_in[115]
 la_data_in[116]
 la_data_in[117]
 la_data_in[118]
 la_data_in[119]
 la_data_in[11]
 la_data_in[120]
 la_data_in[121]
 la_data_in[122]
 la_data_in[123]
 la_data_in[124]
 la_data_in[125]
 la_data_in[126]
 la_data_in[127]
 la_data_in[12]
 la_data_in[13]
 la_data_in[14]
 la_data_in[15]
 la_data_in[16]
 la_data_in[17]
 la_data_in[18]
 la_data_in[19]
 la_data_in[1]
 la_data_in[20]
 la_data_in[21]
 la_data_in[22]
 la_data_in[23]
 la_data_in[24]
 la_data_in[25]
 la_data_in[26]
 la_data_in[27]
 la_data_in[28]
 la_data_in[29]
 la_data_in[2]
 la_data_in[30]
 la_data_in[31]
 la_data_in[32]
 la_data_in[33]
 la_data_in[34]
 la_data_in[35]
 la_data_in[36]
 la_data_in[37]
 la_data_in[38]
 la_data_in[39]
 la_data_in[3]
 la_data_in[40]
 la_data_in[41]
 la_data_in[42]
 la_data_in[43]
 la_data_in[44]
 la_data_in[45]
 la_data_in[46]
 la_data_in[47]
 la_data_in[48]
 la_data_in[49]
 la_data_in[4]
 la_data_in[50]
 la_data_in[51]
 la_data_in[52]
 la_data_in[53]
 la_data_in[54]
 la_data_in[55]
 la_data_in[56]
 la_data_in[57]
 la_data_in[58]
 la_data_in[59]
 la_data_in[5]
 la_data_in[60]
 la_data_in[61]
 la_data_in[62]
 la_data_in[63]
 la_data_in[64]
 la_data_in[65]
 la_data_in[66]
 la_data_in[67]
 la_data_in[68]
 la_data_in[69]
 la_data_in[6]
 la_data_in[70]
 la_data_in[71]
 la_data_in[72]
 la_data_in[73]
 la_data_in[74]
 la_data_in[75]
 la_data_in[76]
 la_data_in[77]
 la_data_in[78]
 la_data_in[79]
 la_data_in[7]
 la_data_in[80]
 la_data_in[81]
 la_data_in[82]
 la_data_in[83]
 la_data_in[84]
 la_data_in[85]
 la_data_in[86]
 la_data_in[87]
 la_data_in[88]
 la_data_in[89]
 la_data_in[8]
 la_data_in[90]
 la_data_in[91]
 la_data_in[92]
 la_data_in[93]
 la_data_in[94]
 la_data_in[95]
 la_data_in[96]
 la_data_in[97]
 la_data_in[98]
 la_data_in[99]
 la_data_in[9]
 la_oenb[0]
 la_oenb[100]
 la_oenb[101]
 la_oenb[102]
 la_oenb[103]
 la_oenb[104]
 la_oenb[105]
 la_oenb[106]
 la_oenb[107]
 la_oenb[108]
 la_oenb[109]
 la_oenb[10]
 la_oenb[110]
 la_oenb[111]
 la_oenb[112]
 la_oenb[113]
 la_oenb[114]
 la_oenb[115]
 la_oenb[116]
 la_oenb[117]
 la_oenb[118]
 la_oenb[119]
 la_oenb[11]
 la_oenb[120]
 la_oenb[121]
 la_oenb[122]
 la_oenb[123]
 la_oenb[124]
 la_oenb[125]
 la_oenb[126]
 la_oenb[127]
 la_oenb[12]
 la_oenb[13]
 la_oenb[14]
 la_oenb[15]
 la_oenb[16]
 la_oenb[17]
 la_oenb[18]
 la_oenb[19]
 la_oenb[1]
 la_oenb[20]
 la_oenb[21]
 la_oenb[22]
 la_oenb[23]
 la_oenb[24]
 la_oenb[25]
 la_oenb[26]
 la_oenb[27]
 la_oenb[28]
 la_oenb[29]
 la_oenb[2]
 la_oenb[30]
 la_oenb[31]
 la_oenb[32]
 la_oenb[33]
 la_oenb[34]
 la_oenb[35]
 la_oenb[36]
 la_oenb[37]
 la_oenb[38]
 la_oenb[39]
 la_oenb[3]
 la_oenb[40]
 la_oenb[41]
 la_oenb[42]
 la_oenb[43]
 la_oenb[44]
 la_oenb[45]
 la_oenb[46]
 la_oenb[47]
 la_oenb[48]
 la_oenb[49]
 la_oenb[4]
 la_oenb[50]
 la_oenb[51]
 la_oenb[52]
 la_oenb[53]
 la_oenb[54]
 la_oenb[55]
 la_oenb[56]
 la_oenb[57]
 la_oenb[58]
 la_oenb[59]
 la_oenb[5]
 la_oenb[60]
 la_oenb[61]
 la_oenb[62]
 la_oenb[63]
 la_oenb[64]
 la_oenb[65]
 la_oenb[66]
 la_oenb[67]
 la_oenb[68]
 la_oenb[69]
 la_oenb[6]
 la_oenb[70]
 la_oenb[71]
 la_oenb[72]
 la_oenb[73]
 la_oenb[74]
 la_oenb[75]
 la_oenb[76]
 la_oenb[77]
 la_oenb[78]
 la_oenb[79]
 la_oenb[7]
 la_oenb[80]
 la_oenb[81]
 la_oenb[82]
 la_oenb[83]
 la_oenb[84]
 la_oenb[85]
 la_oenb[86]
 la_oenb[87]
 la_oenb[88]
 la_oenb[89]
 la_oenb[8]
 la_oenb[90]
 la_oenb[91]
 la_oenb[92]
 la_oenb[93]
 la_oenb[94]
 la_oenb[95]
 la_oenb[96]
 la_oenb[97]
 la_oenb[98]
 la_oenb[99]
 la_oenb[9]
 wbs_sel_i[0]
 wbs_sel_i[1]
 wbs_sel_i[2]
 wbs_sel_i[3]
 SPM_example_226/HI
 SPM_example_227/HI
 SPM_example_228/HI
 SPM_example_229/HI
 SPM_example_230/HI
 SPM_example_231/HI
 SPM_example_232/HI
 SPM_example_233/HI
 SPM_example_234/HI
 SPM_example_235/HI
 SPM_example_236/HI
 SPM_example_237/HI
 SPM_example_238/HI
 SPM_example_239/HI
 SPM_example_240/HI
 SPM_example_241/HI
 SPM_example_242/HI
 SPM_example_243/HI
 SPM_example_244/HI
 SPM_example_245/HI
 SPM_example_246/HI
 SPM_example_247/HI
 SPM_example_248/HI
 SPM_example_249/HI
 SPM_example_250/HI
 SPM_example_251/HI
 SPM_example_252/HI
 SPM_example_253/HI
 SPM_example_254/HI
 SPM_example_255/HI
 SPM_example_256/HI
 SPM_example_257/HI
 SPM_example_258/HI
 SPM_example_259/HI
 SPM_example_260/HI
 SPM_example_261/HI
 SPM_example_262/HI
 SPM_example_263/HI
 SPM_example_264/HI
 SPM_example_265/HI
 SPM_example_266/HI
 SPM_example_267/HI
 SPM_example_268/HI
 SPM_example_269/HI
 SPM_example_270/HI
 SPM_example_271/HI
 SPM_example_272/HI
 SPM_example_273/HI
 SPM_example_274/HI
 SPM_example_275/HI
 SPM_example_276/HI
 SPM_example_277/HI
 SPM_example_278/HI
 SPM_example_279/HI
 SPM_example_280/HI
 SPM_example_281/HI
 SPM_example_282/HI
 SPM_example_283/HI
 SPM_example_284/HI
 SPM_example_285/HI
 SPM_example_286/HI
 SPM_example_287/HI
 SPM_example_288/HI
 SPM_example_289/HI
 SPM_example_290/HI
 SPM_example_291/HI
 SPM_example_292/HI
 SPM_example_293/HI
 SPM_example_294/HI
 SPM_example_295/HI
 SPM_example_296/HI
 SPM_example_297/HI
 SPM_example_298/HI
 SPM_example_299/HI
 SPM_example_300/HI
 SPM_example_301/HI
 SPM_example_302/HI
 SPM_example_303/HI
 SPM_example_304/HI
 SPM_example_305/HI
 SPM_example_306/HI
 SPM_example_307/HI
 SPM_example_308/HI
 SPM_example_309/HI
 SPM_example_310/HI
 SPM_example_311/HI
 SPM_example_312/HI
 SPM_example_313/HI
 SPM_example_314/HI
 SPM_example_315/HI
 SPM_example_316/HI
 SPM_example_317/HI
 SPM_example_318/HI
 SPM_example_319/HI
 SPM_example_320/HI
 SPM_example_321/HI
 SPM_example_322/HI
 SPM_example_323/HI
 SPM_example_324/HI
 SPM_example_325/HI
 SPM_example_326/HI
 SPM_example_327/HI
 SPM_example_328/HI
 SPM_example_329/HI
 SPM_example_330/HI
 SPM_example_331/HI
 SPM_example_332/HI
 SPM_example_333/HI
 SPM_example_334/HI
 SPM_example_335/HI
 SPM_example_336/HI
 SPM_example_337/HI
 SPM_example_338/HI
 SPM_example_339/HI
 SPM_example_340/HI
 SPM_example_341/HI
 SPM_example_342/HI
 SPM_example_343/HI
 SPM_example_344/HI
 SPM_example_345/HI
 SPM_example_346/HI
 SPM_example_347/HI
 SPM_example_348/HI
 SPM_example_349/HI
 SPM_example_350/HI
 SPM_example_351/HI
 SPM_example_352/HI
 SPM_example_353/HI
 SPM_example_354/HI
 SPM_example_355/HI
 SPM_example_356/HI
 SPM_example_357/HI
 SPM_example_358/HI
 SPM_example_359/HI
 SPM_example_360/HI
 SPM_example_361/HI
 SPM_example_362/HI
 SPM_example_363/HI
 SPM_example_364/HI
 SPM_example_365/HI
 SPM_example_366/HI
 SPM_example_367/HI
 SPM_example_368/HI
 SPM_example_369/HI
 SPM_example_370/HI
 SPM_example_371/HI
 SPM_example_372/HI
 SPM_example_373/HI
 SPM_example_374/HI
 SPM_example_375/HI
 SPM_example_376/HI
 SPM_example_377/HI
 SPM_example_378/HI
 SPM_example_379/HI
 SPM_example_380/HI
 SPM_example_381/HI
 SPM_example_382/HI
 SPM_example_383/HI
 SPM_example_384/HI
 SPM_example_385/HI
 SPM_example_386/HI
 SPM_example_387/HI
 SPM_example_388/HI
 SPM_example_389/HI
 SPM_example_390/HI
 SPM_example_391/HI
 SPM_example_392/HI
 SPM_example_393/HI
 SPM_example_394/HI
 clkload0/Y
 clkload1/Y
 clkload10/X
 clkload11/X
 clkload12/X
 clkload13/X
 clkload14/X
 clkload15/X
 clkload16/Y
 clkload17/X
 clkload18/X
 clkload19/X
 clkload2/Y
 clkload20/X
 clkload21/X
 clkload22/Y
 clkload23/X
 clkload24/X
 clkload25/Y
 clkload26/X
 clkload27/Y
 clkload28/Y
 clkload29/X
 clkload3/Y
 clkload30/Y
 clkload31/X
 clkload32/Y
 clkload33/Y
 clkload34/X
 clkload35/X
 clkload36/Y
 clkload37/X
 clkload38/Y
 clkload39/X
 clkload4/Y
 clkload40/X
 clkload41/Y
 clkload42/X
 clkload43/X
 clkload44/X
 clkload45/X
 clkload46/X
 clkload47/X
 clkload48/Y
 clkload49/X
 clkload5/Y
 clkload50/X
 clkload51/X
 clkload52/Y
 clkload53/Y
 clkload54/Y
 clkload55/X
 clkload56/Y
 clkload57/Y
 clkload6/Y
 clkload7/X
 clkload8/X
 clkload9/X
Found 0 partially unannotated drivers.

===========================================================================
max slew violation count 0
Writing metric design__max_slew_violation__count__corner:nom_tt_025C_1v80: 0
max fanout violation count 0
Writing metric design__max_fanout_violation__count__corner:nom_tt_025C_1v80: 0
max cap violation count 0
Writing metric design__max_cap_violation__count__corner:nom_tt_025C_1v80: 0
============================================================================

===========================================================================
check_setup -verbose -unconstrained_endpoints -multiple_clock -no_clock -no_input_delay -loops -generated_clocks
===========================================================================
Warning: There are 169 unconstrained endpoints.
  io_out[0]
  io_out[10]
  io_out[11]
  io_out[12]
  io_out[13]
  io_out[14]
  io_out[15]
  io_out[16]
  io_out[17]
  io_out[18]
  io_out[19]
  io_out[1]
  io_out[20]
  io_out[21]
  io_out[22]
  io_out[23]
  io_out[24]
  io_out[25]
  io_out[26]
  io_out[27]
  io_out[28]
  io_out[29]
  io_out[2]
  io_out[30]
  io_out[31]
  io_out[32]
  io_out[33]
  io_out[34]
  io_out[35]
  io_out[36]
  io_out[37]
  io_out[3]
  io_out[4]
  io_out[5]
  io_out[6]
  io_out[7]
  io_out[8]
  io_out[9]
  irq[0]
  irq[1]
  irq[2]
  la_data_out[0]
  la_data_out[100]
  la_data_out[101]
  la_data_out[102]
  la_data_out[103]
  la_data_out[104]
  la_data_out[105]
  la_data_out[106]
  la_data_out[107]
  la_data_out[108]
  la_data_out[109]
  la_data_out[10]
  la_data_out[110]
  la_data_out[111]
  la_data_out[112]
  la_data_out[113]
  la_data_out[114]
  la_data_out[115]
  la_data_out[116]
  la_data_out[117]
  la_data_out[118]
  la_data_out[119]
  la_data_out[11]
  la_data_out[120]
  la_data_out[121]
  la_data_out[122]
  la_data_out[123]
  la_data_out[124]
  la_data_out[125]
  la_data_out[126]
  la_data_out[127]
  la_data_out[12]
  la_data_out[13]
  la_data_out[14]
  la_data_out[15]
  la_data_out[16]
  la_data_out[17]
  la_data_out[18]
  la_data_out[19]
  la_data_out[1]
  la_data_out[20]
  la_data_out[21]
  la_data_out[22]
  la_data_out[23]
  la_data_out[24]
  la_data_out[25]
  la_data_out[26]
  la_data_out[27]
  la_data_out[28]
  la_data_out[29]
  la_data_out[2]
  la_data_out[30]
  la_data_out[31]
  la_data_out[32]
  la_data_out[33]
  la_data_out[34]
  la_data_out[35]
  la_data_out[36]
  la_data_out[37]
  la_data_out[38]
  la_data_out[39]
  la_data_out[3]
  la_data_out[40]
  la_data_out[41]
  la_data_out[42]
  la_data_out[43]
  la_data_out[44]
  la_data_out[45]
  la_data_out[46]
  la_data_out[47]
  la_data_out[48]
  la_data_out[49]
  la_data_out[4]
  la_data_out[50]
  la_data_out[51]
  la_data_out[52]
  la_data_out[53]
  la_data_out[54]
  la_data_out[55]
  la_data_out[56]
  la_data_out[57]
  la_data_out[58]
  la_data_out[59]
  la_data_out[5]
  la_data_out[60]
  la_data_out[61]
  la_data_out[62]
  la_data_out[63]
  la_data_out[64]
  la_data_out[65]
  la_data_out[66]
  la_data_out[67]
  la_data_out[68]
  la_data_out[69]
  la_data_out[6]
  la_data_out[70]
  la_data_out[71]
  la_data_out[72]
  la_data_out[73]
  la_data_out[74]
  la_data_out[75]
  la_data_out[76]
  la_data_out[77]
  la_data_out[78]
  la_data_out[79]
  la_data_out[7]
  la_data_out[80]
  la_data_out[81]
  la_data_out[82]
  la_data_out[83]
  la_data_out[84]
  la_data_out[85]
  la_data_out[86]
  la_data_out[87]
  la_data_out[88]
  la_data_out[89]
  la_data_out[8]
  la_data_out[90]
  la_data_out[91]
  la_data_out[92]
  la_data_out[93]
  la_data_out[94]
  la_data_out[95]
  la_data_out[96]
  la_data_out[97]
  la_data_out[98]
  la_data_out[99]
  la_data_out[9]
