
===========================================================================
 report_power
============================================================================
======================= nom_tt_025C_1v80 Corner ===================================

Group                    Internal    Switching      Leakage        Total
                            Power        Power        Power        Power (Watts)
------------------------------------------------------------------------
Sequential           3.792062e-04 1.387371e-14 3.068652e-09 3.792093e-04  35.6%
Combinational        1.377337e-05 3.215765e-05 6.231490e-09 4.593725e-05   4.3%
Clock                4.394749e-04 2.016936e-04 2.270707e-09 6.411708e-04  60.1%
Macro                0.000000e+00 0.000000e+00 0.000000e+00 0.000000e+00   0.0%
Pad                  0.000000e+00 0.000000e+00 0.000000e+00 0.000000e+00   0.0%
------------------------------------------------------------------------
Total                8.324544e-04 2.338513e-04 1.157085e-08 1.066317e-03 100.0%
                            78.1%        21.9%         0.0%
Writing metric power__internal__total: 0.0008324544178321958
Writing metric power__switching__total: 0.00023385125678032637
Writing metric power__leakage__total: 1.1570851832232165e-8
Writing metric power__total: 0.001066317199729383

