┏━━━━━━━━━━━━━━━━━━━━━━┳━━━━━━━━━━┳━━━━━━━━━━┳━━━━━━━━━━┳━━━━━━━━━━┳━━━━━━━━━━━┳━━━━━━━━━━┳━━━━━━━━━━━┳━━━━━━━━━━┳━━━━━━━━━━━┳━━━━━━━━━━┳━━━━━━━━━━━┳━━━━━━━━━━┓
┃                      ┃ Hold     ┃ Reg to   ┃          ┃          ┃ of which  ┃ Setup    ┃           ┃          ┃           ┃ of which ┃           ┃          ┃
┃                      ┃ Worst    ┃ Reg      ┃          ┃ Hold Vio ┃ reg to    ┃ Worst    ┃ Reg to    ┃ Setup    ┃ Setup Vio ┃ reg to   ┃ Max Cap   ┃ Max Slew ┃
┃ Corner/Group         ┃ Slack    ┃ Paths    ┃ Hold TNS ┃ Count    ┃ reg       ┃ Slack    ┃ Reg Paths ┃ TNS      ┃ Count     ┃ reg      ┃ Violatio… ┃ Violati… ┃
┡━━━━━━━━━━━━━━━━━━━━━━╇━━━━━━━━━━╇━━━━━━━━━━╇━━━━━━━━━━╇━━━━━━━━━━╇━━━━━━━━━━━╇━━━━━━━━━━╇━━━━━━━━━━━╇━━━━━━━━━━╇━━━━━━━━━━━╇━━━━━━━━━━╇━━━━━━━━━━━╇━━━━━━━━━━┩
│ Overall              │ 0.0514   │ 0.0514   │ 0.0000   │ 0        │ 0         │ 8.1572   │ 20.6925   │ 0.0000   │ 0         │ 0        │ 3         │ 524      │
│ nom_tt_025C_1v80     │ 0.2168   │ 0.2168   │ 0.0000   │ 0        │ 0         │ 11.0553  │ 22.7522   │ 0.0000   │ 0         │ 0        │ 3         │ 447      │
│ nom_ss_100C_1v60     │ 0.6976   │ 0.6976   │ 0.0000   │ 0        │ 0         │ 8.1572   │ 20.6925   │ 0.0000   │ 0         │ 0        │ 3         │ 524      │
│ nom_ff_n40C_1v95     │ 0.0514   │ 0.0514   │ 0.0000   │ 0        │ 0         │ 12.2839  │ 23.4920   │ 0.0000   │ 0         │ 0        │ 3         │ 414      │
└──────────────────────┴──────────┴──────────┴──────────┴──────────┴───────────┴──────────┴───────────┴──────────┴───────────┴──────────┴───────────┴──────────┘
