
===========================================================================
 report_power
============================================================================
======================= nom_tt_025C_1v80 Corner ===================================

Group                    Internal    Switching      Leakage        Total
                            Power        Power        Power        Power (Watts)
------------------------------------------------------------------------
Sequential           3.791947e-04 1.430170e-14 3.068652e-09 3.791977e-04  35.5%
Combinational        1.377288e-05 3.211955e-05 5.086593e-09 4.589752e-05   4.3%
Clock                4.395112e-04 2.021042e-04 2.270707e-09 6.416176e-04  60.1%
Macro                0.000000e+00 0.000000e+00 0.000000e+00 0.000000e+00   0.0%
Pad                  0.000000e+00 0.000000e+00 0.000000e+00 0.000000e+00   0.0%
------------------------------------------------------------------------
Total                8.324787e-04 2.342237e-04 1.042595e-08 1.066713e-03 100.0%
                            78.0%        22.0%         0.0%
Writing metric power__internal__total: 0.0008324786904267967
Writing metric power__switching__total: 0.00023422374215442687
Writing metric power__leakage__total: 1.0425954322101916e-8
Writing metric power__total: 0.0010667128954082727

