
===========================================================================
 report_power
============================================================================
======================= nom_ff_n40C_1v95 Corner ===================================

Group                    Internal    Switching      Leakage        Total
                            Power        Power        Power        Power (Watts)
------------------------------------------------------------------------
Sequential           2.507764e-04 7.504120e-07 5.503956e-09 2.515323e-04  95.7%
Combinational        6.258480e-06 5.127653e-06 8.479685e-09 1.139461e-05   4.3%
Clock                0.000000e+00 0.000000e+00 0.000000e+00 0.000000e+00   0.0%
Macro                0.000000e+00 0.000000e+00 0.000000e+00 0.000000e+00   0.0%
Pad                  0.000000e+00 0.000000e+00 0.000000e+00 0.000000e+00   0.0%
------------------------------------------------------------------------
Total                2.570349e-04 5.878054e-06 1.398365e-08 2.629269e-04 100.0%
                            97.8%         2.2%         0.0%

