
===========================================================================
 report_power
============================================================================
======================= nom_tt_025C_1v80 Corner ===================================

Group                    Internal    Switching      Leakage        Total
                            Power        Power        Power        Power (Watts)
------------------------------------------------------------------------
Sequential           3.788645e-04 1.495956e-14 3.068652e-09 3.788676e-04  34.9%
Combinational        1.378171e-05 3.422095e-05 6.231490e-09 4.800889e-05   4.4%
Clock                4.405943e-04 2.187611e-04 2.270824e-09 6.593576e-04  60.7%
Macro                0.000000e+00 0.000000e+00 0.000000e+00 0.000000e+00   0.0%
Pad                  0.000000e+00 0.000000e+00 0.000000e+00 0.000000e+00   0.0%
------------------------------------------------------------------------
Total                8.332406e-04 2.529820e-04 1.157097e-08 1.086234e-03 100.0%
                            76.7%        23.3%         0.0%
Writing metric power__internal__total: 0.000833240570500493
Writing metric power__switching__total: 0.00025298199034295976
Writing metric power__leakage__total: 1.1570968183605146e-8
Writing metric power__total: 0.0010862341150641441

